
Memory Configuration

Name             Origin             Length             Attributes
FLASH            0x08000000         0x00080000         xr
SRAM             0x20000000         0x00020000         xrw
*default*        0x00000000         0xffffffff

Linker script and memory map

LOAD object/kfloat.o
LOAD object/kmath.o
LOAD object/kstdio.o
LOAD object/kstring.o
LOAD object/ktimes.o
LOAD object/kunistd.o
LOAD object/schedule.o
LOAD object/sys_init.o
LOAD object/kmain.o
LOAD object/clock.o
LOAD object/gpio.o
LOAD object/timer.o
LOAD object/usart.o
LOAD object/stm32_startup.o
LOAD object/cm4.o
LOAD object/syscall.o
LOAD object/times.o
LOAD object/unistd.o
LOAD object/ustdio.o
LOAD object/ustring.o

.text           0x08000000     0x304c
                0x08000000                _stext = .
 *(.isr_vector)
 .isr_vector    0x08000000      0x1c4 object/stm32_startup.o
                0x08000000                NVIC_VECTOR
 *(.text)
 .text          0x080001c4      0x360 object/kfloat.o
                0x080001c4                __aeabi_f2d
                0x0800028a                __aeabi_d2f
                0x08000310                __aeabi_d2iz
                0x080003a6                __aeabi_d2i
                0x0800043c                get_decimal_part
 .text          0x08000524       0x4e object/kmath.o
                0x08000524                __pow
 *fill*         0x08000572        0x2 
 .text          0x08000574      0x314 object/kstdio.o
                0x08000574                kprintf
                0x08000704                kscanf
 .text          0x08000888      0x38c object/kstring.o
                0x08000888                __str_to_num
                0x08000948                __reverse_str
                0x080009c8                __strlen
                0x080009f6                convert
                0x08000a50                float2str
                0x08000b1c                str2float
 .text          0x08000c14        0x0 object/ktimes.o
 .text          0x08000c14       0xd8 object/kunistd.o
                0x08000c14                __sys_write
                0x08000c3c                __sys_read
                0x08000c74                __sys_reboot
                0x08000c94                __sys_gettime
                0x08000cae                __sys_getpid
                0x08000ccc                __sys_exit
 .text          0x08000cec      0x310 object/schedule.o
                0x08000cec                _schedule
                0x08000d30                generate_task_id
                0x08000d50                create_task
                0x08000e60                start_task
                0x08000eb0                initialize_queue
                0x08000edc                add_to_queue
                0x08000f34                pop
                0x08000f98                set_sleeping_task
                0x08000fb8                PendSV_Handler
 .text          0x08000ffc       0xa4 object/sys_init.o
                0x08000ffc                __sys_init
 .text          0x080010a0      0x394 object/kmain.o
                0x080010a0                main
                0x08001164                task_sleep
                0x0800119c                task_func
                0x08001224                task_func2
                0x080012a0                unpriv
                0x080012ba                task_func3
                0x08001338                kmain
                0x0800139a                task_init_env_2
 .text          0x08001434       0xbc object/clock.o
                0x08001434                DRV_CLOCK_INIT
 .text          0x080014f0       0x20 object/gpio.o
                0x080014f0                DRV_GPIO_INIT
 .text          0x08001510        0xe object/timer.o
                0x08001510                DRV_TIMER_INIT
 *fill*         0x0800151e        0x2 
 .text          0x08001520      0x230 object/usart.o
                0x08001520                DRV_USART_INIT
                0x080015dc                UART_SendChar
                0x0800160a                _USART_WRITE
                0x08001638                _USART_READ
                0x080016b0                UART_GetChar
                0x080016da                _USART_READ_STR
 .text          0x08001750       0xf4 object/stm32_startup.o
                0x08001750                Reset_Handler
                0x08001808                FLASH_Handler
                0x08001808                SPI4_Handler
                0x08001808                DMA2_Stream7_Handler
                0x08001808                OTG_HS_Handler
                0x08001808                OTG_FS_WKUP_Handler
                0x08001808                DMA2_Stream3_Handler
                0x08001808                USART3_Handler
                0x08001808                NMI_Handler
                0x08001808                SAI1_Handler
                0x08001808                TIM6_DAC_Handler
                0x08001808                CAN1_RX1_Handler
                0x08001808                EXTI15_10_Handler
                0x08001808                ADC_Handler
                0x08001808                I2C1_EV_Handler
                0x08001808                TAMP_STAMP_Handler
                0x08001808                I2C3_ER_Handler
                0x08001808                WWDG_Handler
                0x08001808                EXTI4_Handler
                0x08001808                I2C3_EV_Handler
                0x08001808                DMA1_Stream1_Handler
                0x08001808                DMA2_Stream4_Handler
                0x08001808                DMA1_Stream7_Handler
                0x08001808                OTG_FS_Handler
                0x08001808                TIM1_BRK_TIM9_Handler
                0x08001808                I2C1_ER_Handler
                0x08001808                DMA1_Stream3_Handler
                0x08001808                UsageFault_Handler
                0x08001808                TIM1_UP_TIM10_Handler
                0x08001808                CAN1_RX0_Handler
                0x08001808                TIM1_CC_Handler
                0x08001808                I2C2_ER_Handler
                0x08001808                USART6_Handler
                0x08001808                TIM8_CC_Handler
                0x08001808                HDMI_CEC_Handler
                0x08001808                SAI2_Handler
                0x08001808                CAN1_SCE_Handler
                0x08001808                DMA1_Stream0_Handler
                0x08001808                OTG_HS_EP1_OUT_Handler
                0x08001808                EXTI1_Handler
                0x08001808                RTC_WKUP_Handler
                0x08001808                FMC_Handler
                0x08001808                EXTI3_Handler
                0x08001808                EXTI2_Handler
                0x08001808                UART4_Handler
                0x08001808                CAN2_RX1_Handler
                0x08001808                EXTI9_5_Handler
                0x08001808                TIM2_Handler
                0x08001808                USART1_Handler
                0x08001808                CAN2_SCE_Handler
                0x08001808                TIM3_Handler
                0x08001808                DMA2_Stream6_Handler
                0x08001808                Default_Handler
                0x08001808                DCMI_Handler
                0x08001808                TIM1_TRG_COM_TIM11_Handler
                0x08001808                RTC_Alarm_Handler
                0x08001808                TIM4_Handler
                0x08001808                TIM8_UP_TIM13_Handler
                0x08001808                CAN2_TX_Handler
                0x08001808                SPI2_Handler
                0x08001808                DMA2_Stream1_Handler
                0x08001808                DMA1_Stream2_Handler
                0x08001808                OTG_HS_WKUP_Handler
                0x08001808                EXTI0_Handler
                0x08001808                TIM8_BRK_TIM12_Handler
                0x08001808                CAN2_RX0_Handler
                0x08001808                DMA2_Stream5_Handler
                0x08001808                DMA1_Stream6_Handler
                0x08001808                SDIO_Handler
                0x08001808                FMPI2C1_ERR_Handler
                0x08001808                USART2_Handler
                0x08001808                SPI1_Handler
                0x08001808                I2C2_EV_Handler
                0x08001808                SPDIF_Rx_Handler
                0x08001808                DMA2_Stream2_Handler
                0x08001808                SPI3_Handler
                0x08001808                DMA2_Stream0_Handler
                0x08001808                RCC_Handler
                0x08001808                PVD_Handler
                0x08001808                UART5_Handler
                0x08001808                DMA1_Stream5_Handler
                0x08001808                TIM5_Handler
                0x08001808                QuadSPI_Handler
                0x08001808                TIM7_Handler
                0x08001808                TIM8_TRG_COM_TIM14_Handler
                0x08001808                CAN1_TX_Handler
                0x08001808                FPU_Handler
                0x08001808                FMPI2C1_Handler
                0x08001808                DebugMonitor_Handler
                0x08001808                DMA1_Stream4_Handler
                0x08001808                OTG_HS_EP1_IN_Handler
                0x0800180e                HardFault_Handler
                0x08001814                MemManage_Handler
                0x0800181a                BusFault_Handler
                0x08001820                SVCall_Handler
 .text          0x08001844      0x6c8 object/cm4.o
                0x08001844                __SysTick_init
                0x0800189c                __sysTick_enable
                0x080018c8                __sysTick_disable
                0x080018f4                __getSysTickCount
                0x0800190c                __updateSysTick
                0x08001964                __getTime
                0x08001998                SysTick_Handler
                0x080019e8                set_task_pending
                0x08001a14                __enable_fpu
                0x08001a38                SetPriorityGroup
                0x08001a68                __NVIC_SetPriority
                0x08001b68                __NVIC_GetPriority
                0x08001ba8                __NVIC_EnableIRQn
                0x08001c10                __NVIC_DisableIRQn
                0x08001c7c                __NVIC_GetActive
                0x08001cdc                __get_pending_IRQn
                0x08001d3c                __clear_pending_IRQn
                0x08001da4                __set_pending_IRQn
                0x08001e0c                __disable_irq
                0x08001e1c                __enable_irq
                0x08001e2c                __set_BASEPRI
                0x08001e4c                __unset_BASEPRI
                0x08001e68                __set_PRIMASK
                0x08001e82                __get_PRIMASK
                0x08001e9c                __enable_fault_irq
                0x08001eac                __set_FAULTMASK
                0x08001ec6                __disable_fault_irq
                0x08001ed6                __get_FAULTMASK
                0x08001ef0                __get_BASEPRI
 .text          0x08001f0c      0x144 object/syscall.o
                0x08001f0c                __sys_start_task
                0x08001f3a                syscall
 .text          0x08002050        0x0 object/times.o
 .text          0x08002050      0x128 object/unistd.o
                0x08002050                ok
                0x08002078                write
                0x080020a0                read
                0x080020d8                reboot
                0x080020e8                get_time
                0x08002110                yeild
                0x08002120                getpid
                0x08002158                exit
 .text          0x08002178      0x4d0 object/ustdio.o
                0x08002178                firstTest
                0x0800218e                uprintf
                0x0800250c                uscanf
 .text          0x08002648        0x0 object/ustring.o
 *(.rodata)
 .rodata        0x08002648        0xa object/kstring.o
 *fill*         0x08002652        0x2 
 .rodata        0x08002654       0x16 object/kunistd.o
 .rodata        0x0800266a        0x2 object/schedule.o
                0x0800266a                init_task_id
 .rodata        0x0800266c       0xed object/sys_init.o
 *fill*         0x08002759        0x3 
 .rodata        0x0800275c      0x1d1 object/kmain.o
 *fill*         0x0800292d        0x3 
 .rodata        0x08002930      0x6f8 object/syscall.o
                0x08002f20                sys_errlist
                0x08003024                sys_nerr
 .rodata        0x08003028       0x21 object/unistd.o
                0x0800304c                . = ALIGN (0x4)
 *fill*         0x08003049        0x3 
                0x0800304c                _etext = .
                0x0800304c                _la_data = LOADADDR (.data)

.glue_7         0x0800304c        0x0
 .glue_7        0x0800304c        0x0 linker stubs

.glue_7t        0x0800304c        0x0
 .glue_7t       0x0800304c        0x0 linker stubs

.vfp11_veneer   0x0800304c        0x0
 .vfp11_veneer  0x0800304c        0x0 linker stubs

.v4_bx          0x0800304c        0x0
 .v4_bx         0x0800304c        0x0 linker stubs

.iplt           0x0800304c        0x0
 .iplt          0x0800304c        0x0 object/kstdio.o

.rel.dyn        0x0800304c        0x0
 .rel.iplt      0x0800304c        0x0 object/kstdio.o

.data           0x20000000       0x28 load address 0x0800304c
                0x20000000                _sdata = .
 *(.data)
 .data          0x20000000        0x0 object/kfloat.o
 .data          0x20000000        0x0 object/kmath.o
 .data          0x20000000        0x0 object/kstdio.o
 .data          0x20000000       0x25 object/kstring.o
 .data          0x20000025        0x0 object/ktimes.o
 .data          0x20000025        0x0 object/kunistd.o
 *fill*         0x20000025        0x1 
 .data          0x20000026        0x2 object/schedule.o
                0x20000026                last_assigned
 .data          0x20000028        0x0 object/sys_init.o
 .data          0x20000028        0x0 object/kmain.o
 .data          0x20000028        0x0 object/clock.o
 .data          0x20000028        0x0 object/gpio.o
 .data          0x20000028        0x0 object/timer.o
 .data          0x20000028        0x0 object/usart.o
 .data          0x20000028        0x0 object/stm32_startup.o
 .data          0x20000028        0x0 object/cm4.o
 .data          0x20000028        0x0 object/syscall.o
 .data          0x20000028        0x0 object/times.o
 .data          0x20000028        0x0 object/unistd.o
 .data          0x20000028        0x0 object/ustdio.o
 .data          0x20000028        0x0 object/ustring.o
                0x20000028                . = ALIGN (0x4)
                0x20000028                _edata = .

.igot.plt       0x20000028        0x0 load address 0x08003074
 .igot.plt      0x20000028        0x0 object/kstdio.o

.bss            0x20000028      0x1ec load address 0x08003074
                0x20000028                _sbss = .
 *(.bss)
 .bss           0x20000028        0x0 object/kfloat.o
 .bss           0x20000028        0x0 object/kmath.o
 .bss           0x20000028        0x0 object/kstdio.o
 .bss           0x20000028       0x32 object/kstring.o
 .bss           0x2000005a        0x0 object/ktimes.o
 .bss           0x2000005a        0x0 object/kunistd.o
 *fill*         0x2000005a        0x2 
 .bss           0x2000005c       0x40 object/schedule.o
                0x2000005c                ready_queue
                0x20000094                current
                0x20000098                __sleep
 .bss           0x2000009c        0x0 object/sys_init.o
 .bss           0x2000009c      0x164 object/kmain.o
                0x2000009c                global_count
                0x200000a0                task
                0x200001e0                _sleep
 .bss           0x20000200        0x0 object/clock.o
 .bss           0x20000200        0x0 object/gpio.o
 .bss           0x20000200        0x0 object/timer.o
 .bss           0x20000200        0x0 object/usart.o
 .bss           0x20000200        0xc object/stm32_startup.o
                0x20000200                _bss_size
                0x20000204                _data_size
                0x20000208                _text_size
 .bss           0x2000020c        0x8 object/cm4.o
 .bss           0x20000214        0x0 object/syscall.o
 .bss           0x20000214        0x0 object/times.o
 .bss           0x20000214        0x0 object/unistd.o
 .bss           0x20000214        0x0 object/ustdio.o
 .bss           0x20000214        0x0 object/ustring.o
                0x20000214                _ebss = .
OUTPUT(target/asst03.elf elf32-littlearm)
LOAD linker stubs

.comment        0x00000000       0x49
 .comment       0x00000000       0x49 object/kfloat.o
                                 0x4a (size before relaxing)
 .comment       0x00000049       0x4a object/kmath.o
 .comment       0x00000049       0x4a object/kstdio.o
 .comment       0x00000049       0x4a object/kstring.o
 .comment       0x00000049       0x4a object/ktimes.o
 .comment       0x00000049       0x4a object/kunistd.o
 .comment       0x00000049       0x4a object/schedule.o
 .comment       0x00000049       0x4a object/sys_init.o
 .comment       0x00000049       0x4a object/kmain.o
 .comment       0x00000049       0x4a object/clock.o
 .comment       0x00000049       0x4a object/gpio.o
 .comment       0x00000049       0x4a object/timer.o
 .comment       0x00000049       0x4a object/usart.o
 .comment       0x00000049       0x4a object/stm32_startup.o
 .comment       0x00000049       0x4a object/cm4.o
 .comment       0x00000049       0x4a object/syscall.o
 .comment       0x00000049       0x4a object/times.o
 .comment       0x00000049       0x4a object/unistd.o
 .comment       0x00000049       0x4a object/ustdio.o
 .comment       0x00000049       0x4a object/ustring.o

.ARM.attributes
                0x00000000       0x32
 .ARM.attributes
                0x00000000       0x32 object/kfloat.o
 .ARM.attributes
                0x00000032       0x32 object/kmath.o
 .ARM.attributes
                0x00000064       0x32 object/kstdio.o
 .ARM.attributes
                0x00000096       0x32 object/kstring.o
 .ARM.attributes
                0x000000c8       0x32 object/ktimes.o
 .ARM.attributes
                0x000000fa       0x32 object/kunistd.o
 .ARM.attributes
                0x0000012c       0x32 object/schedule.o
 .ARM.attributes
                0x0000015e       0x32 object/sys_init.o
 .ARM.attributes
                0x00000190       0x32 object/kmain.o
 .ARM.attributes
                0x000001c2       0x32 object/clock.o
 .ARM.attributes
                0x000001f4       0x32 object/gpio.o
 .ARM.attributes
                0x00000226       0x32 object/timer.o
 .ARM.attributes
                0x00000258       0x32 object/usart.o
 .ARM.attributes
                0x0000028a       0x32 object/stm32_startup.o
 .ARM.attributes
                0x000002bc       0x32 object/cm4.o
 .ARM.attributes
                0x000002ee       0x32 object/syscall.o
 .ARM.attributes
                0x00000320       0x32 object/times.o
 .ARM.attributes
                0x00000352       0x32 object/unistd.o
 .ARM.attributes
                0x00000384       0x32 object/ustdio.o
 .ARM.attributes
                0x000003b6       0x32 object/ustring.o
